Godot Engine v4.7.rc.custom_build.df6235838 (2026-06-12 18:38:52 UTC) - https://godotengine.org
Vulkan 1.4.329 - Forward+ - Using Device #0: NVIDIA - NVIDIA GeForce RTX 5070 Laptop GPU

CAPTURE title 0
CAPTURE recovery 0
CAPTURE skills_4 0
CAPTURE skills_5 0
CAPTURE skills_6 0
CAPTURE roster_hound 0
CAPTURE roster_mole 0
CAPTURE roster_bee 0
CAPTURE roster_wisp 0
CAPTURE squad 0
CAPTURE weapon_4_windup 0
CAPTURE weapon_4_strike 0
CAPTURE weapon_5_windup 0
CAPTURE weapon_5_strike 0
CAPTURE weapon_6_windup 0
CAPTURE weapon_6_strike 0
CAPTURE repair_windup 0
CAPTURE repair_resolve 0
CAPTURE reconstruction 0
CAPTURE guide 0
ARSENAL CAPTURES failures=0
