Godot Engine v4.7.rc.custom_build.df6235838 (2026-06-12 18:38:52 UTC) - https://godotengine.org
Vulkan 1.4.329 - Forward+ - Using Device #0: NVIDIA - NVIDIA GeForce RTX 5070 Laptop GPU

CAPTURE hub 0
CAPTURE temple 0
CAPTURE mine 0
CAPTURE water_grotto 0
CAPTURE factory_works 0
CAPTURE void_deck 0
CAPTURE castle_gallery 0
CAPTURE dawn_garden 0
CAPTURE dawn_conduit 0
CAPTURE dawn_beacon 0
CAPTURE tutorial 0
CAPTURE open_title 0
CAPTURE open_story 0
CAPTURE open_guide 0
CAPTURE open_settings 0
CAPTURE open_shop 0
CAPTURE open_npc 0
CAPTURE open_journal 0
CAPTURE skills_0 0
CAPTURE skills_1 0
CAPTURE skills_2 0
CAPTURE map 0
CAPTURE stalker_windup 0
CAPTURE stalker_lunge 0
CAPTURE warden_hit 0
CAPTURE beacon_online 0
DISPLAY CHECKS: fullscreen/windowed; failures=0
VISUAL_EXIT=0
