Godot Engine v4.7.rc.custom_build.df6235838 (2026-06-12 18:38:52 UTC) - https://godotengine.org
Vulkan 1.4.329 - Forward+ - Using Device #0: NVIDIA - NVIDIA GeForce RTX 5070 Laptop GPU

CAPTURE hub 0
CAPTURE temple 0
CAPTURE mine 0
CAPTURE water_grotto 0
CAPTURE factory_works 0
CAPTURE void_deck 0
CAPTURE castle_gallery 0
CAPTURE temple_sanctum 0
CAPTURE mine_boss 0
CAPTURE water_boss 0
CAPTURE void_throne 0
CAPTURE boss 0
CAPTURE castle_knights 0
CAPTURE castle_throne 0
CAPTURE open_inventory 0
CAPTURE open_skills 0
CAPTURE open_map 0
CAPTURE punch_windup 0
CAPTURE punch_impact 0
CAPTURE weapon_0 0
CAPTURE weapon_1 0
CAPTURE weapon_2 0
CAPTURE stairs 0
